Drill report for PCB.kicad_pcb
Created on 2024-04-13T15:11:55-0700

Copper Layer Stackup:
    =============================================================
    L1 :  F.Cu                      front
    L2 :  In1.Cu                    in1
    L3 :  In2.Cu                    in2
    L4 :  B.Cu                      back


Drill file 'PCB-PTH.drl' contains
    plated through holes:
    =============================================================
    T1  0.400mm  0.0157"  (248 holes)
    T2  0.500mm  0.0197"  (23 holes)
    T3  0.950mm  0.0374"  (7 holes)
    T4  3.700mm  0.1457"  (4 holes)

    Total plated holes count 282


Drill file 'PCB-NPTH.drl' contains
    unplated through holes:
    =============================================================

    Total unplated holes count 0
